- 'notes:view-all'
- 'notes:view-own'
- 'notes:create'
- 'clients:view-from-own-property'
- 'appointments:view-all'
- 'appointments:view-own'
- 'appointments:manage-staff-notes'
- 'classes:view-all'
- 'classes:view-own'
- 'alerts:view-all'
- 'alerts:view-own'
- 'alerts:create'
- 'alerts:edit'
- 'alerts:delete-own'
- 'locations:view-own'
- 'documents:view-all'
- 'documents:create'
- 'imageManager:store'
- 'templates:create'
- 'templates:copy'
- 'templates:delete'
