- 'notes:view-all'
- 'notes:view-own'
- 'notes:view-private'
- 'notes:toggle-privacy-all'
- 'notes:toggle-privacy-own'
- 'notes:create'
- 'clients:view-from-own-property'
- 'clients:view-from-all-properties'
- 'clients:view-address'
- 'clients:view-email'
- 'clients:view-phone'
- 'appointments:view-all'
- 'appointments:view-own'
- 'appointments:manage-staff-notes'
- 'classes:view-all'
- 'classes:view-own'
- 'alerts:view-all'
- 'alerts:view-own'
- 'alerts:create'
- 'alerts:edit'
- 'alerts:delete-all'
- 'alerts:delete-own'
- 'properties:view-all'
- 'properties:view-own'
- 'properties:create'
- 'properties:delete'
- 'properties:edit'
- 'locations:view-all'
- 'locations:view-own'
- 'locations:sync-api-data'
- 'subscriptions:create'
- 'subscriptions:cancel'
- 'paymentSource:manage'
- 'documents:view-all'
- 'documents:view-own'
- 'documents:view-private'
- 'documents:create'
- 'imageManager:store'
- 'templates:create'
- 'templates:copy'
- 'roles:assign'
- 'roles:create'
- 'roles:delete'
